{"timestamp":"2025-09-01T23:59:18.833Z","level":"INFO","message":"Rate limiting ativado com sucesso"}
{"timestamp":"2025-09-01T23:59:30.701Z","level":"INFO","message":"Rate limiting ativado com sucesso"}
{"timestamp":"2025-09-01T23:59:30.706Z","level":"INFO","message":"CORS configurado com segurança"}
{"timestamp":"2025-09-01T23:59:42.156Z","level":"INFO","message":"Rate limiting ativado com sucesso"}
{"timestamp":"2025-09-01T23:59:42.160Z","level":"INFO","message":"CORS configurado com segurança"}
{"timestamp":"2025-09-01T23:59:55.368Z","level":"INFO","message":"Rate limiting ativado com sucesso"}
{"timestamp":"2025-09-01T23:59:55.370Z","level":"INFO","message":"CORS configurado com segurança"}
{"timestamp":"2025-09-01T23:59:55.406Z","level":"INFO","message":"Servidor iniciado com sucesso","data":{"port":"5000","environment":"development","url":"http://localhost:5000","accessible":"Todas as interfaces de rede"}}
{"timestamp":"2025-09-02T00:00:14.780Z","level":"INFO","message":"Rate limiting ativado com sucesso"}
{"timestamp":"2025-09-02T00:00:14.783Z","level":"INFO","message":"CORS configurado com segurança"}
{"timestamp":"2025-09-02T00:00:14.853Z","level":"INFO","message":"Servidor iniciado com sucesso","data":{"port":"5000","environment":"development","url":"http://localhost:5000","accessible":"Todas as interfaces de rede"}}
{"timestamp":"2025-09-02T00:00:45.813Z","level":"INFO","message":"Rate limiting ativado com sucesso"}
{"timestamp":"2025-09-02T00:00:45.816Z","level":"INFO","message":"CORS configurado com segurança"}
{"timestamp":"2025-09-02T00:00:45.847Z","level":"INFO","message":"Servidor iniciado com sucesso","data":{"port":"5000","environment":"development","url":"http://localhost:5000","accessible":"Todas as interfaces de rede"}}
{"timestamp":"2025-09-02T00:00:48.099Z","level":"INFO","message":"Rate limiting ativado com sucesso"}
{"timestamp":"2025-09-02T00:00:48.102Z","level":"INFO","message":"CORS configurado com segurança"}
{"timestamp":"2025-09-02T00:00:48.122Z","level":"INFO","message":"Servidor iniciado com sucesso","data":{"port":"5000","environment":"development","url":"http://localhost:5000","accessible":"Todas as interfaces de rede"}}
{"timestamp":"2025-09-02T00:01:01.314Z","level":"INFO","message":"Rate limiting ativado com sucesso"}
{"timestamp":"2025-09-02T00:01:01.317Z","level":"INFO","message":"CORS configurado com segurança"}
{"timestamp":"2025-09-02T00:01:01.345Z","level":"INFO","message":"Servidor iniciado com sucesso","data":{"port":"5000","environment":"development","url":"http://localhost:5000","accessible":"Todas as interfaces de rede"}}
{"timestamp":"2025-09-02T00:01:15.509Z","level":"INFO","message":"Rate limiting ativado com sucesso"}
{"timestamp":"2025-09-02T00:01:15.511Z","level":"INFO","message":"CORS configurado com segurança"}
{"timestamp":"2025-09-02T00:01:15.555Z","level":"INFO","message":"Servidor iniciado com sucesso","data":{"port":"5000","environment":"development","url":"http://localhost:5000","accessible":"Todas as interfaces de rede"}}
{"timestamp":"2025-09-02T00:01:37.796Z","level":"INFO","message":"Rate limiting ativado com sucesso"}
{"timestamp":"2025-09-02T00:01:37.799Z","level":"INFO","message":"CORS configurado com segurança"}
{"timestamp":"2025-09-02T00:01:37.908Z","level":"INFO","message":"Servidor iniciado com sucesso","data":{"port":"5000","environment":"development","url":"http://localhost:5000","accessible":"Todas as interfaces de rede"}}
{"timestamp":"2025-09-02T00:01:39.352Z","level":"INFO","message":"Rate limiting ativado com sucesso"}
{"timestamp":"2025-09-02T00:01:39.355Z","level":"INFO","message":"CORS configurado com segurança"}
{"timestamp":"2025-09-02T00:01:39.375Z","level":"INFO","message":"Servidor iniciado com sucesso","data":{"port":"5000","environment":"development","url":"http://localhost:5000","accessible":"Todas as interfaces de rede"}}
{"timestamp":"2025-09-02T00:01:52.359Z","level":"INFO","message":"Rate limiting ativado com sucesso"}
{"timestamp":"2025-09-02T00:01:52.361Z","level":"INFO","message":"CORS configurado com segurança"}
{"timestamp":"2025-09-02T00:01:52.398Z","level":"INFO","message":"Servidor iniciado com sucesso","data":{"port":"5000","environment":"development","url":"http://localhost:5000","accessible":"Todas as interfaces de rede"}}
{"timestamp":"2025-09-02T00:02:05.468Z","level":"INFO","message":"Rate limiting ativado com sucesso"}
{"timestamp":"2025-09-02T00:02:05.471Z","level":"INFO","message":"CORS configurado com segurança"}
{"timestamp":"2025-09-02T00:02:05.494Z","level":"INFO","message":"Servidor iniciado com sucesso","data":{"port":"5000","environment":"development","url":"http://localhost:5000","accessible":"Todas as interfaces de rede"}}
{"timestamp":"2025-09-02T00:02:18.263Z","level":"INFO","message":"Rate limiting ativado com sucesso"}
{"timestamp":"2025-09-02T00:02:18.265Z","level":"INFO","message":"CORS configurado com segurança"}
{"timestamp":"2025-09-02T00:02:18.283Z","level":"INFO","message":"Servidor iniciado com sucesso","data":{"port":"5000","environment":"development","url":"http://localhost:5000","accessible":"Todas as interfaces de rede"}}
{"timestamp":"2025-09-02T00:02:18.285Z","level":"INFO","message":"Monitoramento periódico iniciado"}
{"timestamp":"2025-09-02T00:04:13.396Z","level":"INFO","message":"Rate limiting ativado com sucesso"}
{"timestamp":"2025-09-02T00:04:13.401Z","level":"INFO","message":"CORS configurado com segurança"}
{"timestamp":"2025-09-02T00:04:13.444Z","level":"INFO","message":"Servidor iniciado com sucesso","data":{"port":"5000","environment":"development","url":"http://localhost:5000","accessible":"Todas as interfaces de rede"}}
{"timestamp":"2025-09-02T00:04:13.447Z","level":"INFO","message":"Monitoramento periódico iniciado"}
{"timestamp":"2025-09-02T00:04:58.339Z","level":"INFO","message":"Rate limiting ativado com sucesso"}
{"timestamp":"2025-09-02T00:04:58.438Z","level":"INFO","message":"CORS configurado com segurança"}
{"timestamp":"2025-09-02T00:04:58.652Z","level":"INFO","message":"Servidor iniciado com sucesso","data":{"port":"5000","environment":"development","url":"http://localhost:5000","accessible":"Todas as interfaces de rede"}}
{"timestamp":"2025-09-02T00:04:58.654Z","level":"INFO","message":"Monitoramento periódico iniciado"}
{"timestamp":"2025-09-02T00:05:01.435Z","level":"INFO","message":"Rate limiting ativado com sucesso"}
{"timestamp":"2025-09-02T00:05:01.682Z","level":"INFO","message":"CORS configurado com segurança"}
{"timestamp":"2025-09-02T00:05:01.719Z","level":"INFO","message":"Servidor iniciado com sucesso","data":{"port":"5000","environment":"development","url":"http://localhost:5000","accessible":"Todas as interfaces de rede"}}
{"timestamp":"2025-09-02T00:05:01.722Z","level":"INFO","message":"Monitoramento periódico iniciado"}
{"timestamp":"2025-09-02T00:06:33.684Z","level":"INFO","message":"Rate limiting ativado com sucesso"}
{"timestamp":"2025-09-02T00:06:33.686Z","level":"INFO","message":"CORS configurado com segurança"}
{"timestamp":"2025-09-02T00:06:33.760Z","level":"INFO","message":"Servidor iniciado com sucesso","data":{"port":"5000","environment":"development","url":"http://localhost:5000","accessible":"Todas as interfaces de rede"}}
{"timestamp":"2025-09-02T00:06:33.764Z","level":"INFO","message":"Monitoramento periódico iniciado"}
{"timestamp":"2025-09-02T00:06:58.861Z","level":"INFO","message":"Rate limiting ativado com sucesso"}
{"timestamp":"2025-09-02T00:06:58.864Z","level":"INFO","message":"CORS configurado com segurança"}
{"timestamp":"2025-09-02T00:06:58.926Z","level":"INFO","message":"Servidor iniciado com sucesso","data":{"port":"5000","environment":"development","url":"http://localhost:5000","accessible":"Todas as interfaces de rede"}}
{"timestamp":"2025-09-02T00:06:58.928Z","level":"INFO","message":"Monitoramento periódico iniciado"}
{"timestamp":"2025-09-02T00:07:14.415Z","level":"INFO","message":"Rate limiting ativado com sucesso"}
{"timestamp":"2025-09-02T00:07:14.429Z","level":"INFO","message":"CORS configurado com segurança"}
{"timestamp":"2025-09-02T00:07:14.454Z","level":"INFO","message":"Servidor iniciado com sucesso","data":{"port":"5000","environment":"development","url":"http://localhost:5000","accessible":"Todas as interfaces de rede"}}
{"timestamp":"2025-09-02T00:07:14.455Z","level":"INFO","message":"Monitoramento periódico iniciado"}
{"timestamp":"2025-09-02T00:07:32.887Z","level":"INFO","message":"Rate limiting ativado com sucesso"}
{"timestamp":"2025-09-02T00:07:32.891Z","level":"INFO","message":"CORS configurado com segurança"}
{"timestamp":"2025-09-02T00:07:32.963Z","level":"INFO","message":"Servidor iniciado com sucesso","data":{"port":"5000","environment":"development","url":"http://localhost:5000","accessible":"Todas as interfaces de rede"}}
{"timestamp":"2025-09-02T00:07:32.965Z","level":"INFO","message":"Monitoramento periódico iniciado"}
{"timestamp":"2025-09-02T00:07:51.366Z","level":"INFO","message":"Rate limiting ativado com sucesso"}
{"timestamp":"2025-09-02T00:07:51.368Z","level":"INFO","message":"CORS configurado com segurança"}
{"timestamp":"2025-09-02T00:07:51.399Z","level":"INFO","message":"Servidor iniciado com sucesso","data":{"port":"5000","environment":"development","url":"http://localhost:5000","accessible":"Todas as interfaces de rede"}}
{"timestamp":"2025-09-02T00:07:51.418Z","level":"INFO","message":"Monitoramento periódico iniciado"}
{"timestamp":"2025-09-02T00:08:09.407Z","level":"INFO","message":"Rate limiting ativado com sucesso"}
{"timestamp":"2025-09-02T00:08:09.409Z","level":"INFO","message":"CORS configurado com segurança"}
{"timestamp":"2025-09-02T00:08:09.441Z","level":"INFO","message":"Servidor iniciado com sucesso","data":{"port":"5000","environment":"development","url":"http://localhost:5000","accessible":"Todas as interfaces de rede"}}
{"timestamp":"2025-09-02T00:08:09.442Z","level":"INFO","message":"Monitoramento periódico iniciado"}
{"timestamp":"2025-09-02T00:08:26.377Z","level":"INFO","message":"Rate limiting ativado com sucesso"}
{"timestamp":"2025-09-02T00:08:26.381Z","level":"INFO","message":"CORS configurado com segurança"}
{"timestamp":"2025-09-02T00:08:26.441Z","level":"INFO","message":"Servidor iniciado com sucesso","data":{"port":"5000","environment":"development","url":"http://localhost:5000","accessible":"Todas as interfaces de rede"}}
{"timestamp":"2025-09-02T00:08:26.443Z","level":"INFO","message":"Monitoramento periódico iniciado"}
{"timestamp":"2025-09-02T00:08:41.653Z","level":"INFO","message":"Rate limiting ativado com sucesso"}
{"timestamp":"2025-09-02T00:08:41.685Z","level":"INFO","message":"CORS configurado com segurança"}
{"timestamp":"2025-09-02T00:08:41.719Z","level":"INFO","message":"Servidor iniciado com sucesso","data":{"port":"5000","environment":"development","url":"http://localhost:5000","accessible":"Todas as interfaces de rede"}}
{"timestamp":"2025-09-02T00:08:41.724Z","level":"INFO","message":"Monitoramento periódico iniciado"}
{"timestamp":"2025-09-02T00:08:56.952Z","level":"INFO","message":"Rate limiting ativado com sucesso"}
{"timestamp":"2025-09-02T00:08:56.954Z","level":"INFO","message":"CORS configurado com segurança"}
{"timestamp":"2025-09-02T00:08:56.978Z","level":"INFO","message":"Servidor iniciado com sucesso","data":{"port":"5000","environment":"development","url":"http://localhost:5000","accessible":"Todas as interfaces de rede"}}
{"timestamp":"2025-09-02T00:08:56.979Z","level":"INFO","message":"Monitoramento periódico iniciado"}
{"timestamp":"2025-09-02T00:09:11.713Z","level":"INFO","message":"Rate limiting ativado com sucesso"}
{"timestamp":"2025-09-02T00:09:11.719Z","level":"INFO","message":"CORS configurado com segurança"}
{"timestamp":"2025-09-02T00:09:11.741Z","level":"INFO","message":"Servidor iniciado com sucesso","data":{"port":"5000","environment":"development","url":"http://localhost:5000","accessible":"Todas as interfaces de rede"}}
{"timestamp":"2025-09-02T00:09:11.742Z","level":"INFO","message":"Monitoramento periódico iniciado"}
{"timestamp":"2025-09-02T00:09:55.154Z","level":"INFO","message":"Rate limiting ativado com sucesso"}
{"timestamp":"2025-09-02T00:09:55.209Z","level":"INFO","message":"CORS configurado com segurança"}
{"timestamp":"2025-09-02T00:09:55.307Z","level":"INFO","message":"Servidor iniciado com sucesso","data":{"port":"5000","environment":"development","url":"http://localhost:5000","accessible":"Todas as interfaces de rede"}}
{"timestamp":"2025-09-02T00:09:55.338Z","level":"INFO","message":"Monitoramento periódico iniciado"}
{"timestamp":"2025-09-02T00:12:20.756Z","level":"INFO","message":"Rate limiting ativado com sucesso"}
{"timestamp":"2025-09-02T00:12:20.757Z","level":"INFO","message":"CORS configurado com segurança"}
{"timestamp":"2025-09-02T00:12:20.777Z","level":"INFO","message":"Servidor iniciado com sucesso","data":{"port":"5000","environment":"development","url":"http://localhost:5000","accessible":"Todas as interfaces de rede"}}
{"timestamp":"2025-09-02T00:12:20.778Z","level":"INFO","message":"Monitoramento periódico iniciado"}
{"timestamp":"2025-09-02T00:12:31.795Z","level":"INFO","message":"Uso de CPU do processo","data":{"userCPU":"0s","systemCPU":"0s","totalCPU":"0s"}}
{"timestamp":"2025-09-02T00:12:41.804Z","level":"INFO","message":"Uso de CPU do processo","data":{"userCPU":"0s","systemCPU":"0s","totalCPU":"0s"}}
{"timestamp":"2025-09-02T00:12:51.816Z","level":"INFO","message":"Uso de CPU do processo","data":{"userCPU":"0s","systemCPU":"0s","totalCPU":"0s"}}
{"timestamp":"2025-09-02T00:12:55.587Z","level":"INFO","message":"SIGINT recebido, encerrando servidor..."}
{"timestamp":"2025-09-02T00:13:38.727Z","level":"INFO","message":"Rate limiting ativado com sucesso"}
{"timestamp":"2025-09-02T00:13:38.729Z","level":"INFO","message":"CORS configurado com segurança"}
{"timestamp":"2025-09-02T00:13:38.747Z","level":"INFO","message":"Servidor iniciado com sucesso","data":{"port":"5000","environment":"development","url":"http://localhost:5000","accessible":"Todas as interfaces de rede"}}
{"timestamp":"2025-09-02T00:13:38.748Z","level":"INFO","message":"Monitoramento periódico iniciado"}
{"timestamp":"2025-09-02T00:13:49.764Z","level":"INFO","message":"Uso de CPU do processo","data":{"userCPU":"0s","systemCPU":"0s","totalCPU":"0s"}}
{"timestamp":"2025-09-02T00:14:00.012Z","level":"INFO","message":"Uso de CPU do processo","data":{"userCPU":"0.02s","systemCPU":"0s","totalCPU":"0.02s"}}
{"timestamp":"2025-09-02T00:14:02.161Z","level":"INFO","message":"Rate limiting ativado com sucesso"}
{"timestamp":"2025-09-02T00:14:02.164Z","level":"INFO","message":"CORS configurado com segurança"}
{"timestamp":"2025-09-02T00:14:09.995Z","level":"INFO","message":"Uso de CPU do processo","data":{"userCPU":"0s","systemCPU":"0s","totalCPU":"0s"}}
{"timestamp":"2025-09-02T00:14:15.055Z","level":"INFO","message":"SIGINT recebido, encerrando servidor..."}
{"timestamp":"2025-09-02T00:14:24.864Z","level":"INFO","message":"Rate limiting ativado com sucesso"}
{"timestamp":"2025-09-02T00:14:24.866Z","level":"INFO","message":"CORS configurado com segurança"}
{"timestamp":"2025-09-02T00:14:24.892Z","level":"INFO","message":"Servidor iniciado com sucesso","data":{"port":"5000","environment":"development","url":"http://localhost:5000","accessible":"Todas as interfaces de rede"}}
{"timestamp":"2025-09-02T00:14:24.894Z","level":"INFO","message":"Monitoramento periódico iniciado"}
{"timestamp":"2025-09-02T00:14:35.919Z","level":"INFO","message":"Uso de CPU do processo","data":{"userCPU":"0s","systemCPU":"0s","totalCPU":"0s"}}
{"timestamp":"2025-09-02T00:14:45.933Z","level":"INFO","message":"Uso de CPU do processo","data":{"userCPU":"0s","systemCPU":"0s","totalCPU":"0s"}}
{"timestamp":"2025-09-02T00:14:55.932Z","level":"INFO","message":"Uso de CPU do processo","data":{"userCPU":"0.19s","systemCPU":"0.03s","totalCPU":"0.22s"}}
{"timestamp":"2025-09-02T00:15:05.930Z","level":"INFO","message":"Uso de CPU do processo","data":{"userCPU":"0s","systemCPU":"0s","totalCPU":"0s"}}
{"timestamp":"2025-09-02T00:15:15.948Z","level":"INFO","message":"Uso de CPU do processo","data":{"userCPU":"0s","systemCPU":"0s","totalCPU":"0s"}}
{"timestamp":"2025-09-02T00:15:23.053Z","level":"INFO","message":"SIGINT recebido, encerrando servidor..."}
{"timestamp":"2025-09-02T00:15:45.326Z","level":"INFO","message":"Rate limiting ativado com sucesso"}
{"timestamp":"2025-09-02T00:15:45.331Z","level":"INFO","message":"CORS configurado com segurança"}
{"timestamp":"2025-09-02T00:15:45.355Z","level":"INFO","message":"Servidor iniciado com sucesso","data":{"port":"5000","environment":"development","url":"http://localhost:5000","accessible":"Todas as interfaces de rede"}}
{"timestamp":"2025-09-02T00:15:45.361Z","level":"INFO","message":"Monitoramento periódico iniciado"}
{"timestamp":"2025-09-02T00:15:56.420Z","level":"INFO","message":"Uso de CPU do processo","data":{"userCPU":"0s","systemCPU":"0s","totalCPU":"0s"}}
{"timestamp":"2025-09-02T00:16:06.390Z","level":"INFO","message":"Uso de CPU do processo","data":{"userCPU":"0s","systemCPU":"0s","totalCPU":"0s"}}
{"timestamp":"2025-09-02T00:16:16.390Z","level":"INFO","message":"Uso de CPU do processo","data":{"userCPU":"0s","systemCPU":"0s","totalCPU":"0s"}}
{"timestamp":"2025-09-02T00:16:18.185Z","level":"INFO","message":"SIGINT recebido, encerrando servidor..."}
{"timestamp":"2025-09-02T00:16:20.707Z","level":"INFO","message":"Rate limiting ativado com sucesso"}
{"timestamp":"2025-09-02T00:16:20.710Z","level":"INFO","message":"CORS configurado com segurança"}
{"timestamp":"2025-09-02T00:16:20.732Z","level":"INFO","message":"Servidor iniciado com sucesso","data":{"port":"5000","environment":"development","url":"http://localhost:5000","accessible":"Todas as interfaces de rede"}}
{"timestamp":"2025-09-02T00:16:20.733Z","level":"INFO","message":"Monitoramento periódico iniciado"}
{"timestamp":"2025-09-02T00:16:31.744Z","level":"INFO","message":"Uso de CPU do processo","data":{"userCPU":"0s","systemCPU":"0s","totalCPU":"0s"}}
{"timestamp":"2025-09-02T00:16:41.757Z","level":"INFO","message":"Uso de CPU do processo","data":{"userCPU":"0s","systemCPU":"0s","totalCPU":"0s"}}
{"timestamp":"2025-09-02T00:16:45.757Z","level":"INFO","message":"Rate limiting ativado com sucesso"}
{"timestamp":"2025-09-02T00:16:45.760Z","level":"INFO","message":"CORS configurado com segurança"}
{"timestamp":"2025-09-02T00:16:45.782Z","level":"INFO","message":"Servidor iniciado com sucesso","data":{"port":"5000","environment":"development","url":"http://localhost:5000","accessible":"Todas as interfaces de rede"}}
{"timestamp":"2025-09-02T00:16:45.784Z","level":"INFO","message":"Monitoramento periódico iniciado"}
{"timestamp":"2025-09-02T00:16:49.632Z","level":"INFO","message":"Rate limiting ativado com sucesso"}
{"timestamp":"2025-09-02T00:16:49.634Z","level":"INFO","message":"CORS configurado com segurança"}
{"timestamp":"2025-09-02T00:16:49.700Z","level":"INFO","message":"Servidor iniciado com sucesso","data":{"port":"5000","environment":"development","url":"http://localhost:5000","accessible":"Todas as interfaces de rede"}}
{"timestamp":"2025-09-02T00:16:49.702Z","level":"INFO","message":"Monitoramento periódico iniciado"}
{"timestamp":"2025-09-02T00:17:00.727Z","level":"INFO","message":"Uso de CPU do processo","data":{"userCPU":"0s","systemCPU":"0.02s","totalCPU":"0.02s"}}
{"timestamp":"2025-09-02T00:17:10.718Z","level":"INFO","message":"Uso de CPU do processo","data":{"userCPU":"0s","systemCPU":"0s","totalCPU":"0s"}}
{"timestamp":"2025-09-02T00:17:20.726Z","level":"INFO","message":"Uso de CPU do processo","data":{"userCPU":"0s","systemCPU":"0s","totalCPU":"0s"}}
{"timestamp":"2025-09-02T00:17:30.746Z","level":"INFO","message":"Uso de CPU do processo","data":{"userCPU":"0s","systemCPU":"0s","totalCPU":"0s"}}
{"timestamp":"2025-09-02T00:17:40.756Z","level":"INFO","message":"Uso de CPU do processo","data":{"userCPU":"0s","systemCPU":"0s","totalCPU":"0s"}}
{"timestamp":"2025-09-02T00:17:50.769Z","level":"INFO","message":"Uso de CPU do processo","data":{"userCPU":"0s","systemCPU":"0s","totalCPU":"0s"}}
{"timestamp":"2025-09-02T00:18:00.797Z","level":"INFO","message":"Uso de CPU do processo","data":{"userCPU":"0s","systemCPU":"0s","totalCPU":"0s"}}
{"timestamp":"2025-09-02T00:18:10.799Z","level":"INFO","message":"Uso de CPU do processo","data":{"userCPU":"0s","systemCPU":"0s","totalCPU":"0s"}}
{"timestamp":"2025-09-02T00:18:20.800Z","level":"INFO","message":"Uso de CPU do processo","data":{"userCPU":"0s","systemCPU":"0s","totalCPU":"0s"}}
{"timestamp":"2025-09-02T00:18:30.805Z","level":"INFO","message":"Uso de CPU do processo","data":{"userCPU":"0s","systemCPU":"0s","totalCPU":"0s"}}
{"timestamp":"2025-09-02T00:18:40.819Z","level":"INFO","message":"Uso de CPU do processo","data":{"userCPU":"0s","systemCPU":"0s","totalCPU":"0s"}}
{"timestamp":"2025-09-02T00:18:50.821Z","level":"INFO","message":"Uso de CPU do processo","data":{"userCPU":"0s","systemCPU":"0s","totalCPU":"0s"}}
{"timestamp":"2025-09-02T00:19:00.823Z","level":"INFO","message":"Uso de CPU do processo","data":{"userCPU":"0s","systemCPU":"0s","totalCPU":"0s"}}
{"timestamp":"2025-09-02T00:19:10.839Z","level":"INFO","message":"Uso de CPU do processo","data":{"userCPU":"0s","systemCPU":"0s","totalCPU":"0s"}}
{"timestamp":"2025-09-02T00:19:20.859Z","level":"INFO","message":"Uso de CPU do processo","data":{"userCPU":"0s","systemCPU":"0s","totalCPU":"0s"}}
{"timestamp":"2025-09-02T00:19:30.895Z","level":"INFO","message":"Uso de CPU do processo","data":{"userCPU":"0s","systemCPU":"0s","totalCPU":"0s"}}
{"timestamp":"2025-09-02T00:19:33.105Z","level":"INFO","message":"Rate limiting ativado com sucesso"}
{"timestamp":"2025-09-02T00:19:33.108Z","level":"INFO","message":"CORS configurado com segurança"}
{"timestamp":"2025-09-02T00:19:33.253Z","level":"INFO","message":"Servidor iniciado com sucesso","data":{"port":"5000","environment":"development","url":"http://localhost:5000","accessible":"Todas as interfaces de rede"}}
{"timestamp":"2025-09-02T00:19:33.256Z","level":"INFO","message":"Monitoramento periódico iniciado"}
{"timestamp":"2025-09-02T00:19:36.959Z","level":"INFO","message":"Rate limiting ativado com sucesso"}
{"timestamp":"2025-09-02T00:19:36.976Z","level":"INFO","message":"CORS configurado com segurança"}
{"timestamp":"2025-09-02T00:19:37.017Z","level":"INFO","message":"Servidor iniciado com sucesso","data":{"port":"5000","environment":"development","url":"http://localhost:5000","accessible":"Todas as interfaces de rede"}}
{"timestamp":"2025-09-02T00:19:37.025Z","level":"INFO","message":"Monitoramento periódico iniciado"}
{"timestamp":"2025-09-02T00:19:48.036Z","level":"INFO","message":"Uso de CPU do processo","data":{"userCPU":"0s","systemCPU":"0s","totalCPU":"0s"}}
{"timestamp":"2025-09-02T00:19:56.691Z","level":"INFO","message":"Rate limiting ativado com sucesso"}
{"timestamp":"2025-09-02T00:19:56.693Z","level":"INFO","message":"CORS configurado com segurança"}
{"timestamp":"2025-09-02T00:19:56.710Z","level":"INFO","message":"Servidor iniciado com sucesso","data":{"port":"5000","environment":"development","url":"http://localhost:5000","accessible":"Todas as interfaces de rede"}}
{"timestamp":"2025-09-02T00:19:56.711Z","level":"INFO","message":"Monitoramento periódico iniciado"}
{"timestamp":"2025-09-02T00:20:07.726Z","level":"INFO","message":"Uso de CPU do processo","data":{"userCPU":"0s","systemCPU":"0s","totalCPU":"0s"}}
{"timestamp":"2025-09-02T00:20:12.732Z","level":"INFO","message":"Rate limiting ativado com sucesso"}
{"timestamp":"2025-09-02T00:20:12.735Z","level":"INFO","message":"CORS configurado com segurança"}
{"timestamp":"2025-09-02T00:20:12.757Z","level":"INFO","message":"Servidor iniciado com sucesso","data":{"port":"5000","environment":"development","url":"http://localhost:5000","accessible":"Todas as interfaces de rede"}}
{"timestamp":"2025-09-02T00:20:12.758Z","level":"INFO","message":"Monitoramento periódico iniciado"}
{"timestamp":"2025-09-02T00:20:23.770Z","level":"INFO","message":"Uso de CPU do processo","data":{"userCPU":"0s","systemCPU":"0s","totalCPU":"0s"}}
{"timestamp":"2025-09-02T00:20:25.676Z","level":"INFO","message":"Rate limiting ativado com sucesso"}
{"timestamp":"2025-09-02T00:20:25.680Z","level":"INFO","message":"CORS configurado com segurança"}
{"timestamp":"2025-09-02T00:20:25.702Z","level":"INFO","message":"Servidor iniciado com sucesso","data":{"port":"5000","environment":"development","url":"http://localhost:5000","accessible":"Todas as interfaces de rede"}}
{"timestamp":"2025-09-02T00:20:25.705Z","level":"INFO","message":"Monitoramento periódico iniciado"}
{"timestamp":"2025-09-02T00:20:36.725Z","level":"INFO","message":"Uso de CPU do processo","data":{"userCPU":"0s","systemCPU":"0s","totalCPU":"0s"}}
{"timestamp":"2025-09-02T00:20:44.093Z","level":"INFO","message":"Rate limiting ativado com sucesso"}
{"timestamp":"2025-09-02T00:20:44.104Z","level":"INFO","message":"CORS configurado com segurança"}
{"timestamp":"2025-09-02T00:20:44.150Z","level":"INFO","message":"Servidor iniciado com sucesso","data":{"port":"5000","environment":"development","url":"http://localhost:5000","accessible":"Todas as interfaces de rede"}}
{"timestamp":"2025-09-02T00:20:44.152Z","level":"INFO","message":"Monitoramento periódico iniciado"}
{"timestamp":"2025-09-02T00:20:46.454Z","level":"INFO","message":"Rate limiting ativado com sucesso"}
{"timestamp":"2025-09-02T00:20:46.457Z","level":"INFO","message":"CORS configurado com segurança"}
{"timestamp":"2025-09-02T00:20:46.504Z","level":"INFO","message":"Servidor iniciado com sucesso","data":{"port":"5000","environment":"development","url":"http://localhost:5000","accessible":"Todas as interfaces de rede"}}
{"timestamp":"2025-09-02T00:20:46.520Z","level":"INFO","message":"Monitoramento periódico iniciado"}
{"timestamp":"2025-09-02T00:20:57.534Z","level":"INFO","message":"Uso de CPU do processo","data":{"userCPU":"0s","systemCPU":"0s","totalCPU":"0s"}}
{"timestamp":"2025-09-02T00:21:07.582Z","level":"INFO","message":"Uso de CPU do processo","data":{"userCPU":"0s","systemCPU":"0s","totalCPU":"0s"}}
{"timestamp":"2025-09-02T00:21:17.540Z","level":"INFO","message":"Uso de CPU do processo","data":{"userCPU":"0s","systemCPU":"0s","totalCPU":"0s"}}
{"timestamp":"2025-09-02T00:21:27.576Z","level":"INFO","message":"Uso de CPU do processo","data":{"userCPU":"0s","systemCPU":"0s","totalCPU":"0s"}}
{"timestamp":"2025-09-02T00:21:37.595Z","level":"INFO","message":"Uso de CPU do processo","data":{"userCPU":"0s","systemCPU":"0s","totalCPU":"0s"}}
{"timestamp":"2025-09-02T00:21:47.595Z","level":"INFO","message":"Uso de CPU do processo","data":{"userCPU":"0s","systemCPU":"0s","totalCPU":"0s"}}
{"timestamp":"2025-09-02T00:21:57.612Z","level":"INFO","message":"Uso de CPU do processo","data":{"userCPU":"0s","systemCPU":"0s","totalCPU":"0s"}}
{"timestamp":"2025-09-02T00:22:07.616Z","level":"INFO","message":"Uso de CPU do processo","data":{"userCPU":"0s","systemCPU":"0s","totalCPU":"0s"}}
{"timestamp":"2025-09-02T00:22:17.610Z","level":"INFO","message":"Uso de CPU do processo","data":{"userCPU":"0s","systemCPU":"0s","totalCPU":"0s"}}
{"timestamp":"2025-09-02T00:22:27.641Z","level":"INFO","message":"Uso de CPU do processo","data":{"userCPU":"0s","systemCPU":"0s","totalCPU":"0s"}}
{"timestamp":"2025-09-02T00:22:37.635Z","level":"INFO","message":"Uso de CPU do processo","data":{"userCPU":"0s","systemCPU":"0s","totalCPU":"0s"}}
{"timestamp":"2025-09-02T00:22:47.639Z","level":"INFO","message":"Uso de CPU do processo","data":{"userCPU":"0s","systemCPU":"0s","totalCPU":"0s"}}
{"timestamp":"2025-09-02T00:22:57.699Z","level":"INFO","message":"Uso de CPU do processo","data":{"userCPU":"0s","systemCPU":"0s","totalCPU":"0s"}}
{"timestamp":"2025-09-02T00:23:07.670Z","level":"INFO","message":"Uso de CPU do processo","data":{"userCPU":"0s","systemCPU":"0s","totalCPU":"0s"}}
{"timestamp":"2025-09-02T00:23:17.680Z","level":"INFO","message":"Uso de CPU do processo","data":{"userCPU":"0s","systemCPU":"0s","totalCPU":"0s"}}
{"timestamp":"2025-09-02T00:23:27.683Z","level":"INFO","message":"Uso de CPU do processo","data":{"userCPU":"0s","systemCPU":"0s","totalCPU":"0s"}}
{"timestamp":"2025-09-02T00:23:37.691Z","level":"INFO","message":"Uso de CPU do processo","data":{"userCPU":"0s","systemCPU":"0s","totalCPU":"0s"}}
{"timestamp":"2025-09-02T00:23:47.712Z","level":"INFO","message":"Uso de CPU do processo","data":{"userCPU":"0s","systemCPU":"0s","totalCPU":"0s"}}
{"timestamp":"2025-09-02T00:23:57.694Z","level":"INFO","message":"Uso de CPU do processo","data":{"userCPU":"0s","systemCPU":"0s","totalCPU":"0s"}}
{"timestamp":"2025-09-02T00:24:07.712Z","level":"INFO","message":"Uso de CPU do processo","data":{"userCPU":"0s","systemCPU":"0s","totalCPU":"0s"}}
{"timestamp":"2025-09-02T00:24:17.713Z","level":"INFO","message":"Uso de CPU do processo","data":{"userCPU":"0s","systemCPU":"0s","totalCPU":"0s"}}
{"timestamp":"2025-09-02T00:24:27.738Z","level":"INFO","message":"Uso de CPU do processo","data":{"userCPU":"0s","systemCPU":"0s","totalCPU":"0s"}}
{"timestamp":"2025-09-02T00:24:37.734Z","level":"INFO","message":"Uso de CPU do processo","data":{"userCPU":"0s","systemCPU":"0s","totalCPU":"0s"}}
{"timestamp":"2025-09-02T00:24:47.740Z","level":"INFO","message":"Uso de CPU do processo","data":{"userCPU":"0s","systemCPU":"0s","totalCPU":"0s"}}
{"timestamp":"2025-09-02T00:24:57.765Z","level":"INFO","message":"Uso de CPU do processo","data":{"userCPU":"0s","systemCPU":"0s","totalCPU":"0s"}}
{"timestamp":"2025-09-02T00:25:07.775Z","level":"INFO","message":"Uso de CPU do processo","data":{"userCPU":"0s","systemCPU":"0s","totalCPU":"0s"}}
{"timestamp":"2025-09-02T00:25:17.801Z","level":"INFO","message":"Uso de CPU do processo","data":{"userCPU":"0s","systemCPU":"0s","totalCPU":"0s"}}
{"timestamp":"2025-09-02T00:25:27.806Z","level":"INFO","message":"Uso de CPU do processo","data":{"userCPU":"0s","systemCPU":"0s","totalCPU":"0s"}}
{"timestamp":"2025-09-02T00:25:37.808Z","level":"INFO","message":"Uso de CPU do processo","data":{"userCPU":"0s","systemCPU":"0s","totalCPU":"0s"}}
{"timestamp":"2025-09-02T00:25:46.536Z","level":"INFO","message":"Uso de memória do sistema","data":{"rss":"49.31 MB","heapTotal":"17.07 MB","heapUsed":"15.39 MB","external":"2.14 MB"}}
{"timestamp":"2025-09-02T00:25:47.826Z","level":"INFO","message":"Uso de CPU do processo","data":{"userCPU":"0s","systemCPU":"0s","totalCPU":"0s"}}
{"timestamp":"2025-09-02T00:25:57.849Z","level":"INFO","message":"Uso de CPU do processo","data":{"userCPU":"0s","systemCPU":"0s","totalCPU":"0s"}}
{"timestamp":"2025-09-02T00:26:07.850Z","level":"INFO","message":"Uso de CPU do processo","data":{"userCPU":"0s","systemCPU":"0s","totalCPU":"0s"}}
{"timestamp":"2025-09-02T00:26:17.871Z","level":"INFO","message":"Uso de CPU do processo","data":{"userCPU":"0s","systemCPU":"0s","totalCPU":"0s"}}
{"timestamp":"2025-09-02T00:26:27.866Z","level":"INFO","message":"Uso de CPU do processo","data":{"userCPU":"0s","systemCPU":"0s","totalCPU":"0s"}}
{"timestamp":"2025-09-02T00:26:37.877Z","level":"INFO","message":"Uso de CPU do processo","data":{"userCPU":"0s","systemCPU":"0s","totalCPU":"0s"}}
{"timestamp":"2025-09-02T00:26:47.867Z","level":"INFO","message":"Uso de CPU do processo","data":{"userCPU":"0s","systemCPU":"0s","totalCPU":"0s"}}
{"timestamp":"2025-09-02T00:26:57.872Z","level":"INFO","message":"Uso de CPU do processo","data":{"userCPU":"0s","systemCPU":"0s","totalCPU":"0s"}}
{"timestamp":"2025-09-02T00:27:07.877Z","level":"INFO","message":"Uso de CPU do processo","data":{"userCPU":"0s","systemCPU":"0s","totalCPU":"0s"}}
{"timestamp":"2025-09-02T00:27:17.878Z","level":"INFO","message":"Uso de CPU do processo","data":{"userCPU":"0s","systemCPU":"0s","totalCPU":"0s"}}
{"timestamp":"2025-09-02T00:27:27.892Z","level":"INFO","message":"Uso de CPU do processo","data":{"userCPU":"0s","systemCPU":"0s","totalCPU":"0s"}}
{"timestamp":"2025-09-02T00:27:37.901Z","level":"INFO","message":"Uso de CPU do processo","data":{"userCPU":"0s","systemCPU":"0s","totalCPU":"0s"}}
{"timestamp":"2025-09-02T00:27:47.911Z","level":"INFO","message":"Uso de CPU do processo","data":{"userCPU":"0s","systemCPU":"0s","totalCPU":"0s"}}
{"timestamp":"2025-09-02T00:27:57.911Z","level":"INFO","message":"Uso de CPU do processo","data":{"userCPU":"0s","systemCPU":"0s","totalCPU":"0s"}}
{"timestamp":"2025-09-02T00:28:07.923Z","level":"INFO","message":"Uso de CPU do processo","data":{"userCPU":"0s","systemCPU":"0s","totalCPU":"0s"}}
{"timestamp":"2025-09-02T00:28:18.007Z","level":"INFO","message":"Uso de CPU do processo","data":{"userCPU":"0.02s","systemCPU":"0s","totalCPU":"0.02s"}}
{"timestamp":"2025-09-02T00:28:27.995Z","level":"INFO","message":"Uso de CPU do processo","data":{"userCPU":"0s","systemCPU":"0s","totalCPU":"0s"}}
{"timestamp":"2025-09-02T00:28:38.000Z","level":"INFO","message":"Uso de CPU do processo","data":{"userCPU":"0s","systemCPU":"0s","totalCPU":"0s"}}
{"timestamp":"2025-09-02T00:28:48.015Z","level":"INFO","message":"Uso de CPU do processo","data":{"userCPU":"0s","systemCPU":"0s","totalCPU":"0s"}}
{"timestamp":"2025-09-02T00:28:58.019Z","level":"INFO","message":"Uso de CPU do processo","data":{"userCPU":"0s","systemCPU":"0s","totalCPU":"0s"}}
{"timestamp":"2025-09-02T00:29:08.023Z","level":"INFO","message":"Uso de CPU do processo","data":{"userCPU":"0s","systemCPU":"0s","totalCPU":"0s"}}
{"timestamp":"2025-09-02T00:29:14.262Z","level":"INFO","message":"Rate limiting ativado com sucesso"}
{"timestamp":"2025-09-02T00:29:14.338Z","level":"INFO","message":"CORS configurado com segurança"}
{"timestamp":"2025-09-02T00:29:14.413Z","level":"INFO","message":"Servidor iniciado com sucesso","data":{"port":"5000","environment":"development","url":"http://localhost:5000","accessible":"Todas as interfaces de rede"}}
{"timestamp":"2025-09-02T00:29:14.424Z","level":"INFO","message":"Monitoramento periódico iniciado"}
{"timestamp":"2025-09-02T00:29:40.905Z","level":"INFO","message":"Rate limiting ativado com sucesso"}
{"timestamp":"2025-09-02T00:29:40.907Z","level":"INFO","message":"CORS configurado com segurança"}
{"timestamp":"2025-09-02T00:29:40.924Z","level":"INFO","message":"Servidor iniciado com sucesso","data":{"port":"5000","environment":"development","url":"http://localhost:5000","accessible":"Todas as interfaces de rede"}}
{"timestamp":"2025-09-02T00:29:40.925Z","level":"INFO","message":"Monitoramento periódico iniciado"}
{"timestamp":"2025-09-02T00:29:51.932Z","level":"INFO","message":"Uso de CPU do processo","data":{"userCPU":"0s","systemCPU":"0s","totalCPU":"0s"}}
{"timestamp":"2025-09-02T00:30:01.928Z","level":"INFO","message":"Uso de CPU do processo","data":{"userCPU":"0s","systemCPU":"0s","totalCPU":"0s"}}
{"timestamp":"2025-09-02T00:30:11.950Z","level":"INFO","message":"Uso de CPU do processo","data":{"userCPU":"0s","systemCPU":"0s","totalCPU":"0s"}}
{"timestamp":"2025-09-02T00:30:21.950Z","level":"INFO","message":"Uso de CPU do processo","data":{"userCPU":"0s","systemCPU":"0s","totalCPU":"0s"}}
{"timestamp":"2025-09-02T00:30:31.968Z","level":"INFO","message":"Uso de CPU do processo","data":{"userCPU":"0s","systemCPU":"0s","totalCPU":"0s"}}
{"timestamp":"2025-09-02T00:30:42.024Z","level":"INFO","message":"Uso de CPU do processo","data":{"userCPU":"0s","systemCPU":"0s","totalCPU":"0s"}}
{"timestamp":"2025-09-02T00:30:51.994Z","level":"INFO","message":"Uso de CPU do processo","data":{"userCPU":"0s","systemCPU":"0s","totalCPU":"0s"}}
{"timestamp":"2025-09-02T00:31:02.013Z","level":"INFO","message":"Uso de CPU do processo","data":{"userCPU":"0s","systemCPU":"0s","totalCPU":"0s"}}
{"timestamp":"2025-09-02T00:31:12.013Z","level":"INFO","message":"Uso de CPU do processo","data":{"userCPU":"0s","systemCPU":"0s","totalCPU":"0s"}}
{"timestamp":"2025-09-02T00:31:22.020Z","level":"INFO","message":"Uso de CPU do processo","data":{"userCPU":"0s","systemCPU":"0s","totalCPU":"0s"}}
{"timestamp":"2025-09-02T00:31:32.023Z","level":"INFO","message":"Uso de CPU do processo","data":{"userCPU":"0s","systemCPU":"0s","totalCPU":"0s"}}
{"timestamp":"2025-09-02T00:31:42.024Z","level":"INFO","message":"Uso de CPU do processo","data":{"userCPU":"0s","systemCPU":"0s","totalCPU":"0s"}}
{"timestamp":"2025-09-02T00:31:52.071Z","level":"INFO","message":"Uso de CPU do processo","data":{"userCPU":"0s","systemCPU":"0s","totalCPU":"0s"}}
{"timestamp":"2025-09-02T00:32:02.042Z","level":"INFO","message":"Uso de CPU do processo","data":{"userCPU":"0s","systemCPU":"0s","totalCPU":"0s"}}
{"timestamp":"2025-09-02T00:32:12.098Z","level":"INFO","message":"Uso de CPU do processo","data":{"userCPU":"0s","systemCPU":"0s","totalCPU":"0s"}}
{"timestamp":"2025-09-02T00:32:22.159Z","level":"INFO","message":"Uso de CPU do processo","data":{"userCPU":"0s","systemCPU":"0s","totalCPU":"0s"}}
{"timestamp":"2025-09-02T00:32:32.163Z","level":"INFO","message":"Uso de CPU do processo","data":{"userCPU":"0s","systemCPU":"0s","totalCPU":"0s"}}
{"timestamp":"2025-09-02T00:32:42.164Z","level":"INFO","message":"Uso de CPU do processo","data":{"userCPU":"0s","systemCPU":"0s","totalCPU":"0s"}}
{"timestamp":"2025-09-02T00:32:52.156Z","level":"INFO","message":"Uso de CPU do processo","data":{"userCPU":"0s","systemCPU":"0s","totalCPU":"0s"}}
{"timestamp":"2025-09-02T00:33:02.180Z","level":"INFO","message":"Uso de CPU do processo","data":{"userCPU":"0s","systemCPU":"0s","totalCPU":"0s"}}
{"timestamp":"2025-09-02T00:33:12.189Z","level":"INFO","message":"Uso de CPU do processo","data":{"userCPU":"0s","systemCPU":"0s","totalCPU":"0s"}}
{"timestamp":"2025-09-02T00:33:14.392Z","level":"INFO","message":"SIGINT recebido, encerrando servidor..."}
{"timestamp":"2025-09-02T00:33:35.380Z","level":"INFO","message":"Rate limiting ativado com sucesso"}
{"timestamp":"2025-09-02T00:33:35.383Z","level":"INFO","message":"CORS configurado com segurança"}
{"timestamp":"2025-09-02T00:33:35.406Z","level":"INFO","message":"Servidor iniciado com sucesso","data":{"port":"5000","environment":"development","url":"http://localhost:5000","accessible":"Todas as interfaces de rede"}}
{"timestamp":"2025-09-02T00:33:35.408Z","level":"INFO","message":"Monitoramento periódico iniciado"}
{"timestamp":"2025-09-02T00:33:46.422Z","level":"INFO","message":"Uso de CPU do processo","data":{"userCPU":"0s","systemCPU":"0s","totalCPU":"0s"}}
{"timestamp":"2025-09-02T00:33:56.419Z","level":"INFO","message":"Uso de CPU do processo","data":{"userCPU":"0.28s","systemCPU":"0.03s","totalCPU":"0.31s"}}
{"timestamp":"2025-09-02T00:34:00.797Z","level":"INFO","message":"Rate limiting ativado com sucesso"}
{"timestamp":"2025-09-02T00:34:00.799Z","level":"INFO","message":"CORS configurado com segurança"}
{"timestamp":"2025-09-02T00:34:00.813Z","level":"INFO","message":"Servidor iniciado com sucesso","data":{"port":"5000","environment":"development","url":"http://localhost:5000","accessible":"Todas as interfaces de rede"}}
{"timestamp":"2025-09-02T00:34:00.814Z","level":"INFO","message":"Monitoramento periódico iniciado"}
{"timestamp":"2025-09-02T00:34:08.810Z","level":"INFO","message":"Rate limiting ativado com sucesso"}
{"timestamp":"2025-09-02T00:34:08.813Z","level":"INFO","message":"CORS configurado com segurança"}
{"timestamp":"2025-09-02T00:34:08.833Z","level":"INFO","message":"Servidor iniciado com sucesso","data":{"port":"5000","environment":"development","url":"http://localhost:5000","accessible":"Todas as interfaces de rede"}}
{"timestamp":"2025-09-02T00:34:08.840Z","level":"INFO","message":"Monitoramento periódico iniciado"}
{"timestamp":"2025-09-02T00:34:10.897Z","level":"INFO","message":"Rate limiting ativado com sucesso"}
{"timestamp":"2025-09-02T00:34:10.901Z","level":"INFO","message":"CORS configurado com segurança"}
{"timestamp":"2025-09-02T00:34:10.926Z","level":"INFO","message":"Servidor iniciado com sucesso","data":{"port":"5000","environment":"development","url":"http://localhost:5000","accessible":"Todas as interfaces de rede"}}
{"timestamp":"2025-09-02T00:34:10.927Z","level":"INFO","message":"Monitoramento periódico iniciado"}
{"timestamp":"2025-09-02T00:34:21.962Z","level":"INFO","message":"Uso de CPU do processo","data":{"userCPU":"0s","systemCPU":"0s","totalCPU":"0s"}}
{"timestamp":"2025-09-02T00:34:31.960Z","level":"INFO","message":"Uso de CPU do processo","data":{"userCPU":"0s","systemCPU":"0s","totalCPU":"0s"}}
{"timestamp":"2025-09-02T00:34:41.965Z","level":"INFO","message":"Uso de CPU do processo","data":{"userCPU":"0s","systemCPU":"0s","totalCPU":"0s"}}
{"timestamp":"2025-09-02T00:34:51.964Z","level":"INFO","message":"Uso de CPU do processo","data":{"userCPU":"0s","systemCPU":"0s","totalCPU":"0s"}}
{"timestamp":"2025-09-02T00:35:01.970Z","level":"INFO","message":"Uso de CPU do processo","data":{"userCPU":"0s","systemCPU":"0s","totalCPU":"0s"}}
{"timestamp":"2025-09-02T00:35:11.990Z","level":"INFO","message":"Uso de CPU do processo","data":{"userCPU":"0s","systemCPU":"0s","totalCPU":"0s"}}
{"timestamp":"2025-09-02T00:35:21.987Z","level":"INFO","message":"Uso de CPU do processo","data":{"userCPU":"0.02s","systemCPU":"0.02s","totalCPU":"0.03s"}}
{"timestamp":"2025-09-02T00:35:32.003Z","level":"INFO","message":"Uso de CPU do processo","data":{"userCPU":"0s","systemCPU":"0s","totalCPU":"0s"}}
{"timestamp":"2025-09-02T00:35:41.996Z","level":"INFO","message":"Uso de CPU do processo","data":{"userCPU":"0s","systemCPU":"0s","totalCPU":"0s"}}
{"timestamp":"2025-09-02T00:35:52.019Z","level":"INFO","message":"Uso de CPU do processo","data":{"userCPU":"0s","systemCPU":"0s","totalCPU":"0s"}}
{"timestamp":"2025-09-02T00:36:02.025Z","level":"INFO","message":"Uso de CPU do processo","data":{"userCPU":"0s","systemCPU":"0s","totalCPU":"0s"}}
{"timestamp":"2025-09-02T00:36:12.079Z","level":"INFO","message":"Uso de CPU do processo","data":{"userCPU":"0s","systemCPU":"0s","totalCPU":"0s"}}
{"timestamp":"2025-09-02T00:36:22.126Z","level":"INFO","message":"Uso de CPU do processo","data":{"userCPU":"0s","systemCPU":"0s","totalCPU":"0s"}}
{"timestamp":"2025-09-02T00:36:32.132Z","level":"INFO","message":"Uso de CPU do processo","data":{"userCPU":"0s","systemCPU":"0s","totalCPU":"0s"}}
{"timestamp":"2025-09-02T00:36:42.155Z","level":"INFO","message":"Uso de CPU do processo","data":{"userCPU":"0s","systemCPU":"0s","totalCPU":"0s"}}
{"timestamp":"2025-09-02T00:36:52.456Z","level":"INFO","message":"Rate limiting ativado com sucesso"}
{"timestamp":"2025-09-02T00:36:52.469Z","level":"INFO","message":"CORS configurado com segurança"}
{"timestamp":"2025-09-02T00:36:52.587Z","level":"INFO","message":"Servidor iniciado com sucesso","data":{"port":"5000","environment":"development","url":"http://localhost:5000","accessible":"Todas as interfaces de rede"}}
{"timestamp":"2025-09-02T00:36:52.601Z","level":"INFO","message":"Monitoramento periódico iniciado"}
{"timestamp":"2025-09-02T00:36:57.079Z","level":"INFO","message":"Rate limiting ativado com sucesso"}
{"timestamp":"2025-09-02T00:36:57.082Z","level":"INFO","message":"CORS configurado com segurança"}
{"timestamp":"2025-09-02T00:36:57.149Z","level":"INFO","message":"Servidor iniciado com sucesso","data":{"port":"5000","environment":"development","url":"http://localhost:5000","accessible":"Todas as interfaces de rede"}}
{"timestamp":"2025-09-02T00:36:57.151Z","level":"INFO","message":"Monitoramento periódico iniciado"}
{"timestamp":"2025-09-02T00:37:08.159Z","level":"INFO","message":"Uso de CPU do processo","data":{"userCPU":"0s","systemCPU":"0s","totalCPU":"0s"}}
{"timestamp":"2025-09-02T00:37:18.172Z","level":"INFO","message":"Uso de CPU do processo","data":{"userCPU":"0s","systemCPU":"0s","totalCPU":"0s"}}
{"timestamp":"2025-09-02T00:37:28.182Z","level":"INFO","message":"Uso de CPU do processo","data":{"userCPU":"0s","systemCPU":"0s","totalCPU":"0s"}}
{"timestamp":"2025-09-02T00:37:38.203Z","level":"INFO","message":"Uso de CPU do processo","data":{"userCPU":"0.08s","systemCPU":"0s","totalCPU":"0.08s"}}
{"timestamp":"2025-09-02T00:37:41.960Z","level":"INFO","message":"Rate limiting ativado com sucesso"}
{"timestamp":"2025-09-02T00:37:41.962Z","level":"INFO","message":"CORS configurado com segurança"}
{"timestamp":"2025-09-02T00:37:41.976Z","level":"INFO","message":"Servidor iniciado com sucesso","data":{"port":"5000","environment":"development","url":"http://localhost:5000","accessible":"Todas as interfaces de rede"}}
{"timestamp":"2025-09-02T00:37:41.978Z","level":"INFO","message":"Monitoramento periódico iniciado"}
{"timestamp":"2025-09-02T00:37:52.999Z","level":"INFO","message":"Uso de CPU do processo","data":{"userCPU":"0s","systemCPU":"0s","totalCPU":"0s"}}
{"timestamp":"2025-09-02T00:38:03.009Z","level":"INFO","message":"Uso de CPU do processo","data":{"userCPU":"0s","systemCPU":"0s","totalCPU":"0s"}}
{"timestamp":"2025-09-02T00:38:11.429Z","level":"INFO","message":"Rate limiting ativado com sucesso"}
{"timestamp":"2025-09-02T00:38:11.431Z","level":"INFO","message":"CORS configurado com segurança"}
{"timestamp":"2025-09-02T00:38:11.447Z","level":"INFO","message":"Servidor iniciado com sucesso","data":{"port":"5000","environment":"development","url":"http://localhost:5000","accessible":"Todas as interfaces de rede"}}
{"timestamp":"2025-09-02T00:38:11.448Z","level":"INFO","message":"Monitoramento periódico iniciado"}
{"timestamp":"2025-09-02T00:38:22.474Z","level":"INFO","message":"Uso de CPU do processo","data":{"userCPU":"0s","systemCPU":"0s","totalCPU":"0s"}}
{"timestamp":"2025-09-02T00:38:32.480Z","level":"INFO","message":"Uso de CPU do processo","data":{"userCPU":"0s","systemCPU":"0s","totalCPU":"0s"}}
{"timestamp":"2025-09-02T00:38:42.491Z","level":"INFO","message":"Uso de CPU do processo","data":{"userCPU":"0s","systemCPU":"0s","totalCPU":"0s"}}
{"timestamp":"2025-09-02T00:38:52.504Z","level":"INFO","message":"Uso de CPU do processo","data":{"userCPU":"0s","systemCPU":"0s","totalCPU":"0s"}}
{"timestamp":"2025-09-02T00:39:02.578Z","level":"INFO","message":"Uso de CPU do processo","data":{"userCPU":"0s","systemCPU":"0s","totalCPU":"0s"}}
{"timestamp":"2025-09-02T00:39:05.492Z","level":"INFO","message":"Rate limiting ativado com sucesso"}
{"timestamp":"2025-09-02T00:39:05.494Z","level":"INFO","message":"CORS configurado com segurança"}
{"timestamp":"2025-09-02T00:39:05.596Z","level":"INFO","message":"Servidor iniciado com sucesso","data":{"port":"5000","environment":"development","url":"http://localhost:5000","accessible":"Todas as interfaces de rede"}}
{"timestamp":"2025-09-02T00:39:05.597Z","level":"INFO","message":"Monitoramento periódico iniciado"}
{"timestamp":"2025-09-02T00:39:16.629Z","level":"INFO","message":"Uso de CPU do processo","data":{"userCPU":"0s","systemCPU":"0s","totalCPU":"0s"}}
{"timestamp":"2025-09-02T00:39:26.626Z","level":"INFO","message":"Uso de CPU do processo","data":{"userCPU":"0s","systemCPU":"0s","totalCPU":"0s"}}
{"timestamp":"2025-09-02T00:39:36.627Z","level":"INFO","message":"Uso de CPU do processo","data":{"userCPU":"0s","systemCPU":"0s","totalCPU":"0s"}}
{"timestamp":"2025-09-02T00:39:45.838Z","level":"INFO","message":"Rate limiting ativado com sucesso"}
{"timestamp":"2025-09-02T00:39:45.842Z","level":"INFO","message":"CORS configurado com segurança"}
{"timestamp":"2025-09-02T00:39:45.872Z","level":"INFO","message":"Servidor iniciado com sucesso","data":{"port":"5000","environment":"development","url":"http://localhost:5000","accessible":"Todas as interfaces de rede"}}
{"timestamp":"2025-09-02T00:39:45.875Z","level":"INFO","message":"Monitoramento periódico iniciado"}
{"timestamp":"2025-09-02T00:39:56.886Z","level":"INFO","message":"Uso de CPU do processo","data":{"userCPU":"0s","systemCPU":"0s","totalCPU":"0s"}}
{"timestamp":"2025-09-02T00:40:06.903Z","level":"INFO","message":"Uso de CPU do processo","data":{"userCPU":"0s","systemCPU":"0s","totalCPU":"0s"}}
{"timestamp":"2025-09-02T00:40:16.910Z","level":"INFO","message":"Uso de CPU do processo","data":{"userCPU":"0s","systemCPU":"0s","totalCPU":"0s"}}
{"timestamp":"2025-09-02T00:40:22.544Z","level":"INFO","message":"Rate limiting ativado com sucesso"}
{"timestamp":"2025-09-02T00:40:22.547Z","level":"INFO","message":"CORS configurado com segurança"}
{"timestamp":"2025-09-02T00:40:22.569Z","level":"INFO","message":"Servidor iniciado com sucesso","data":{"port":"5000","environment":"development","url":"http://localhost:5000","accessible":"Todas as interfaces de rede"}}
{"timestamp":"2025-09-02T00:40:22.570Z","level":"INFO","message":"Monitoramento periódico iniciado"}
{"timestamp":"2025-09-02T00:40:49.943Z","level":"INFO","message":"Rate limiting ativado com sucesso"}
{"timestamp":"2025-09-02T00:40:49.945Z","level":"INFO","message":"CORS configurado com segurança"}
{"timestamp":"2025-09-02T00:40:49.970Z","level":"INFO","message":"Servidor iniciado com sucesso","data":{"port":"5000","environment":"development","url":"http://localhost:5000","accessible":"Todas as interfaces de rede"}}
{"timestamp":"2025-09-02T00:40:49.972Z","level":"INFO","message":"Monitoramento periódico iniciado"}
{"timestamp":"2025-09-02T00:41:25.326Z","level":"INFO","message":"Rate limiting ativado com sucesso"}
{"timestamp":"2025-09-02T00:41:25.330Z","level":"INFO","message":"CORS configurado com segurança"}
{"timestamp":"2025-09-02T00:41:25.354Z","level":"INFO","message":"Servidor iniciado com sucesso","data":{"port":"5000","environment":"development","url":"http://localhost:5000","accessible":"Todas as interfaces de rede"}}
{"timestamp":"2025-09-02T00:41:25.355Z","level":"INFO","message":"Monitoramento periódico iniciado"}
{"timestamp":"2025-09-02T00:41:57.178Z","level":"INFO","message":"Rate limiting ativado com sucesso"}
{"timestamp":"2025-09-02T00:41:57.181Z","level":"INFO","message":"CORS configurado com segurança"}
{"timestamp":"2025-09-02T00:41:57.203Z","level":"INFO","message":"Servidor iniciado com sucesso","data":{"port":"5000","environment":"development","url":"http://localhost:5000","accessible":"Todas as interfaces de rede"}}
{"timestamp":"2025-09-02T00:41:57.205Z","level":"INFO","message":"Monitoramento periódico iniciado"}
{"timestamp":"2025-09-02T00:42:01.965Z","level":"INFO","message":"Rate limiting ativado com sucesso"}
{"timestamp":"2025-09-02T00:42:01.969Z","level":"INFO","message":"CORS configurado com segurança"}
{"timestamp":"2025-09-02T00:42:02.017Z","level":"INFO","message":"Servidor iniciado com sucesso","data":{"port":"5000","environment":"development","url":"http://localhost:5000","accessible":"Todas as interfaces de rede"}}
{"timestamp":"2025-09-02T00:42:02.051Z","level":"INFO","message":"Monitoramento periódico iniciado"}
{"timestamp":"2025-09-02T00:42:22.473Z","level":"INFO","message":"Rate limiting ativado com sucesso"}
{"timestamp":"2025-09-02T00:42:22.493Z","level":"INFO","message":"CORS configurado com segurança"}
{"timestamp":"2025-09-02T00:42:22.551Z","level":"INFO","message":"Servidor iniciado com sucesso","data":{"port":"5000","environment":"development","url":"http://localhost:5000","accessible":"Todas as interfaces de rede"}}
{"timestamp":"2025-09-02T00:42:22.553Z","level":"INFO","message":"Monitoramento periódico iniciado"}
{"timestamp":"2025-09-02T00:42:33.579Z","level":"INFO","message":"Uso de CPU do processo","data":{"userCPU":"0.28s","systemCPU":"0.02s","totalCPU":"0.3s"}}
